Vertex: Hello World at x 0
Vertex: Hello World at x 1
Vertex: Hello World at x 2
Vertex: Hello World at x 3
Vertex: Hello World at x 4
Vertex: Hello World at x 5
Vertex: Hello World at x 6
Vertex: Hello World at x 7
Vertex: Hello World at x 8
Vertex: Hello World at x 9
Vertex: Hello World at x 10
Vertex: Hello World at x 11
Vertex: Hello World at x 12
Vertex: Hello World at x 13
Vertex: Hello World at x 14
Vertex: Hello World at x 15
Vertex: Hello World at x 16
Vertex: Hello World at x 17
Vertex: Hello World at x 18
Vertex: Hello World at x 19
Vertex: Hello World at x 20
Vertex: Hello World at x 21
Vertex: Hello World at x 22
Vertex: Hello World at x 23
Vertex: Hello World at x 24
Vertex: Hello World at x 25
Vertex: Hello World at x 26
Vertex: Hello World at x 27
Vertex: Hello World at x 28
Vertex: Hello World at x 29
Vertex: Hello World at x 30
Vertex: Hello World at x 31
Vertex: Hello World at x 32
Vertex: Hello World at x 33
Vertex: Hello World at x 34
Vertex: Hello World at x 35
Vertex: Hello World at x 36
Vertex: Hello World at x 37
Vertex: Hello World at x 38
Vertex: Hello World at x 39
Vertex: Hello World at x 40
Vertex: Hello World at x 41
Vertex: Hello World at x 42
Vertex: Hello World at x 43
Vertex: Hello World at x 44
Vertex: Hello World at x 45
Vertex: Hello World at x 46
Vertex: Hello World at x 47
Vertex: Hello World at x 48
Vertex: Hello World at x 49
Vertex: Hello World at x 50
Vertex: Hello World at x 51
Vertex: Hello World at x 52
Vertex: Hello World at x 53
Vertex: Hello World at x 54
Vertex: Hello World at x 55
Vertex: Hello World at x 56
Vertex: Hello World at x 57
Vertex: Hello World at x 58
Vertex: Hello World at x 59
Vertex: Hello World at x 60
Vertex: Hello World at x 61
Vertex: Hello World at x 62
Vertex: Hello World at x 63
Vertex: Hello World at x 64
Vertex: Hello World at x 65
Vertex: Hello World at x 66
Vertex: Hello World at x 67
Vertex: Hello World at x 68
Vertex: Hello World at x 69
Vertex: Hello World at x 70
Vertex: Hello World at x 71
Vertex: Hello World at x 72
Vertex: Hello World at x 73
Vertex: Hello World at x 74
Vertex: Hello World at x 75
Vertex: Hello World at x 76
Vertex: Hello World at x 77
Vertex: Hello World at x 78
Vertex: Hello World at x 79
Vertex: Hello World at x 80
Vertex: Hello World at x 81
Vertex: Hello World at x 82
Vertex: Hello World at x 83
Vertex: Hello World at x 84
Vertex: Hello World at x 85
Vertex: Hello World at x 86
Vertex: Hello World at x 87
Vertex: Hello World at x 88
Vertex: Hello World at x 89
Vertex: Hello World at x 90
Vertex: Hello World at x 91
Vertex: Hello World at x 92
Vertex: Hello World at x 93
Vertex: Hello World at x 94
Vertex: Hello World at x 95
Vertex: Hello World at x 96
Vertex: Hello World at x 97
Vertex: Hello World at x 98
Vertex: Hello World at x 99
Vertex: Hello World at x 100
Vertex: Hello World at x 101
Vertex: Hello World at x 102
Vertex: Hello World at x 103
Vertex: Hello World at x 104
Vertex: Hello World at x 105
Vertex: Hello World at x 106
Vertex: Hello World at x 107
Vertex: Hello World at x 108
Vertex: Hello World at x 109
Vertex: Hello World at x 110
Vertex: Hello World at x 111
Vertex: Hello World at x 112
Vertex: Hello World at x 113
Vertex: Hello World at x 114
Vertex: Hello World at x 115
Vertex: Hello World at x 116
Vertex: Hello World at x 117
Vertex: Hello World at x 118
Vertex: Hello World at x 119
Vertex: Hello World at x 120
Vertex: Hello World at x 121
Vertex: Hello World at x 122
Vertex: Hello World at x 123
Vertex: Hello World at x 124
Vertex: Hello World at x 125
Vertex: Hello World at x 126
Vertex: Hello World at x 127
Vertex: Hello World at x 128
Vertex: Hello World at x 129
Vertex: Hello World at x 130
Vertex: Hello World at x 131
Vertex: Hello World at x 132
Vertex: Hello World at x 133
Vertex: Hello World at x 134
Vertex: Hello World at x 135
Vertex: Hello World at x 136
Vertex: Hello World at x 137
Vertex: Hello World at x 138
Vertex: Hello World at x 139
Vertex: Hello World at x 140
Vertex: Hello World at x 141
Vertex: Hello World at x 142
Vertex: Hello World at x 143
Vertex: Hello World at x 144
Vertex: Hello World at x 145
Vertex: Hello World at x 146
Vertex: Hello World at x 147
Vertex: Hello World at x 148
Vertex: Hello World at x 149
Vertex: Hello World at x 150
Vertex: Hello World at x 151
Vertex: Hello World at x 152
Vertex: Hello World at x 153
Vertex: Hello World at x 154
Vertex: Hello World at x 155
Vertex: Hello World at x 156
Vertex: Hello World at x 157
Vertex: Hello World at x 158
Vertex: Hello World at x 159
Vertex: Hello World at x 160
Vertex: Hello World at x 161
Vertex: Hello World at x 162
Vertex: Hello World at x 163
Vertex: Hello World at x 164
Vertex: Hello World at x 165
Vertex: Hello World at x 166
Vertex: Hello World at x 167
Vertex: Hello World at x 168
Vertex: Hello World at x 169
Vertex: Hello World at x 170
Vertex: Hello World at x 171
Vertex: Hello World at x 172
Vertex: Hello World at x 173
Vertex: Hello World at x 174
Vertex: Hello World at x 175
Vertex: Hello World at x 176
Vertex: Hello World at x 177
Vertex: Hello World at x 178
Vertex: Hello World at x 179
Vertex: Hello World at x 180
Vertex: Hello World at x 181
Vertex: Hello World at x 182
Vertex: Hello World at x 183
Vertex: Hello World at x 184
Vertex: Hello World at x 185
Vertex: Hello World at x 186
Vertex: Hello World at x 187
Vertex: Hello World at x 188
Vertex: Hello World at x 189
Vertex: Hello World at x 190
Vertex: Hello World at x 191
Vertex: Hello World at x 192
Vertex: Hello World at x 193
Vertex: Hello World at x 194
Vertex: Hello World at x 195
Vertex: Hello World at x 196
Vertex: Hello World at x 197
Vertex: Hello World at x 198
Vertex: Hello World at x 199
Vertex: Hello World at x 200
Vertex: Hello World at x 201
Vertex: Hello World at x 202
Vertex: Hello World at x 203
Vertex: Hello World at x 204
Vertex: Hello World at x 205
Vertex: Hello World at x 206
Vertex: Hello World at x 207
Vertex: Hello World at x 208
Vertex: Hello World at x 209
Vertex: Hello World at x 210
Vertex: Hello World at x 211
Vertex: Hello World at x 212
Vertex: Hello World at x 213
Vertex: Hello World at x 214
Vertex: Hello World at x 215
Vertex: Hello World at x 216
Vertex: Hello World at x 217
Vertex: Hello World at x 218
Vertex: Hello World at x 219
Vertex: Hello World at x 220
Vertex: Hello World at x 221
Vertex: Hello World at x 222
Vertex: Hello World at x 223
Vertex: Hello World at x 224
Vertex: Hello World at x 225
Vertex: Hello World at x 226
Vertex: Hello World at x 227
Vertex: Hello World at x 228
Vertex: Hello World at x 229
Vertex: Hello World at x 230
Vertex: Hello World at x 231
Vertex: Hello World at x 232
Vertex: Hello World at x 233
Vertex: Hello World at x 234
Vertex: Hello World at x 235
Vertex: Hello World at x 236
Vertex: Hello World at x 237
Vertex: Hello World at x 238
Vertex: Hello World at x 239
Vertex: Hello World at x 240
Vertex: Hello World at x 241
Vertex: Hello World at x 242
Vertex: Hello World at x 243
Vertex: Hello World at x 244
Vertex: Hello World at x 245
Vertex: Hello World at x 246
Vertex: Hello World at x 247
Vertex: Hello World at x 248
Vertex: Hello World at x 249
Vertex: Hello World at x 250
Vertex: Hello World at x 251
Vertex: Hello World at x 252
Vertex: Hello World at x 253
Vertex: Hello World at x 254
Vertex: Hello World at x 255
Vertex: Hello World at x 256
Vertex: Hello World at x 257
Vertex: Hello World at x 258
Vertex: Hello World at x 259
Vertex: Hello World at x 260
Vertex: Hello World at x 261
Vertex: Hello World at x 262
Vertex: Hello World at x 263
Vertex: Hello World at x 264
Vertex: Hello World at x 265
Vertex: Hello World at x 266
Vertex: Hello World at x 267
Vertex: Hello World at x 268
Vertex: Hello World at x 269
Vertex: Hello World at x 270
Vertex: Hello World at x 271
Vertex: Hello World at x 272
Vertex: Hello World at x 273
Vertex: Hello World at x 274
Vertex: Hello World at x 275
Vertex: Hello World at x 276
Vertex: Hello World at x 277
Vertex: Hello World at x 278
Vertex: Hello World at x 279
Vertex: Hello World at x 280
Vertex: Hello World at x 281
Vertex: Hello World at x 282
Vertex: Hello World at x 283
Vertex: Hello World at x 284
Vertex: Hello World at x 285
Vertex: Hello World at x 286
Vertex: Hello World at x 287
Vertex: Hello World at x 288
Vertex: Hello World at x 289
Vertex: Hello World at x 290
Vertex: Hello World at x 291
Vertex: Hello World at x 292
Vertex: Hello World at x 293
Vertex: Hello World at x 294
Vertex: Hello World at x 295
Vertex: Hello World at x 296
Vertex: Hello World at x 297
Vertex: Hello World at x 298
Vertex: Hello World at x 299
Vertex: Hello World at x 300
Vertex: Hello World at x 301
Vertex: Hello World at x 302
Vertex: Hello World at x 303
Vertex: Hello World at x 304
Vertex: Hello World at x 305
Vertex: Hello World at x 306
Vertex: Hello World at x 307
Vertex: Hello World at x 308
Vertex: Hello World at x 309
Vertex: Hello World at x 310
Vertex: Hello World at x 311
Vertex: Hello World at x 312
Vertex: Hello World at x 313
Vertex: Hello World at x 314
Vertex: Hello World at x 315
Vertex: Hello World at x 316
Vertex: Hello World at x 317
Vertex: Hello World at x 318
Vertex: Hello World at x 319
Vertex: Hello World at x 320
Vertex: Hello World at x 321
Vertex: Hello World at x 322
Vertex: Hello World at x 323
Vertex: Hello World at x 324
Vertex: Hello World at x 325
Vertex: Hello World at x 326
Vertex: Hello World at x 327
Vertex: Hello World at x 328
Vertex: Hello World at x 329
Vertex: Hello World at x 330
Vertex: Hello World at x 331
Vertex: Hello World at x 332
Vertex: Hello World at x 333
Vertex: Hello World at x 334
Vertex: Hello World at x 335
Vertex: Hello World at x 336
Vertex: Hello World at x 337
Vertex: Hello World at x 338
Vertex: Hello World at x 339
Vertex: Hello World at x 340
Vertex: Hello World at x 341
Vertex: Hello World at x 342
Vertex: Hello World at x 343
Vertex: Hello World at x 344
Vertex: Hello World at x 345
Vertex: Hello World at x 346
Vertex: Hello World at x 347
Vertex: Hello World at x 348
Vertex: Hello World at x 349
Vertex: Hello World at x 350
Vertex: Hello World at x 351
Vertex: Hello World at x 352
Vertex: Hello World at x 353
Vertex: Hello World at x 354
Vertex: Hello World at x 355
Vertex: Hello World at x 356
Vertex: Hello World at x 357
Vertex: Hello World at x 358
Vertex: Hello World at x 359
Vertex: Hello World at x 360
Vertex: Hello World at x 361
Vertex: Hello World at x 362
Vertex: Hello World at x 363
Vertex: Hello World at x 364
Vertex: Hello World at x 365
Vertex: Hello World at x 366
Vertex: Hello World at x 367
Vertex: Hello World at x 368
Vertex: Hello World at x 369
Vertex: Hello World at x 370
Vertex: Hello World at x 371
Vertex: Hello World at x 372
Vertex: Hello World at x 373
Vertex: Hello World at x 374
Vertex: Hello World at x 375
Vertex: Hello World at x 376
Vertex: Hello World at x 377
Vertex: Hello World at x 378
Vertex: Hello World at x 379
Vertex: Hello World at x 380
Vertex: Hello World at x 381
Vertex: Hello World at x 382
Vertex: Hello World at x 383
Vertex: Hello World at x 384
Vertex: Hello World at x 385
Vertex: Hello World at x 386
Vertex: Hello World at x 387
Vertex: Hello World at x 388
Vertex: Hello World at x 389
Vertex: Hello World at x 390
Vertex: Hello World at x 391
Vertex: Hello World at x 392
Vertex: Hello World at x 393
Vertex: Hello World at x 394
Vertex: Hello World at x 395
Vertex: Hello World at x 396
Vertex: Hello World at x 397
Vertex: Hello World at x 398
Vertex: Hello World at x 399
Vertex: Hello World at x 400
Vertex: Hello World at x 401
Vertex: Hello World at x 402
Vertex: Hello World at x 403
Vertex: Hello World at x 404
Vertex: Hello World at x 405
Vertex: Hello World at x 406
Vertex: Hello World at x 407
Vertex: Hello World at x 408
Vertex: Hello World at x 409
Vertex: Hello World at x 410
Vertex: Hello World at x 411
Vertex: Hello World at x 412
Vertex: Hello World at x 413
Vertex: Hello World at x 414
Vertex: Hello World at x 415
Vertex: Hello World at x 416
Vertex: Hello World at x 417
Vertex: Hello World at x 418
Vertex: Hello World at x 419
Vertex: Hello World at x 420
Vertex: Hello World at x 421
Vertex: Hello World at x 422
Vertex: Hello World at x 423
Vertex: Hello World at x 424
Vertex: Hello World at x 425
Vertex: Hello World at x 426
Vertex: Hello World at x 427
Vertex: Hello World at x 428
Vertex: Hello World at x 429
Vertex: Hello World at x 430
Vertex: Hello World at x 431
Vertex: Hello World at x 432
Vertex: Hello World at x 433
Vertex: Hello World at x 434
Vertex: Hello World at x 435
Vertex: Hello World at x 436
Vertex: Hello World at x 437
Vertex: Hello World at x 438
Vertex: Hello World at x 439
Vertex: Hello World at x 440
Vertex: Hello World at x 441
Vertex: Hello World at x 442
Vertex: Hello World at x 443
Vertex: Hello World at x 444
Vertex: Hello World at x 445
Vertex: Hello World at x 446
Vertex: Hello World at x 447
Vertex: Hello World at x 448
Vertex: Hello World at x 449
Vertex: Hello World at x 450
Vertex: Hello World at x 451
Vertex: Hello World at x 452
Vertex: Hello World at x 453
Vertex: Hello World at x 454
Vertex: Hello World at x 455
Vertex: Hello World at x 456
Vertex: Hello World at x 457
Vertex: Hello World at x 458
Vertex: Hello World at x 459
Vertex: Hello World at x 460
Vertex: Hello World at x 461
Vertex: Hello World at x 462
Vertex: Hello World at x 463
Vertex: Hello World at x 464
Vertex: Hello World at x 465
Vertex: Hello World at x 466
Vertex: Hello World at x 467
Vertex: Hello World at x 468
Vertex: Hello World at x 469
Vertex: Hello World at x 470
Vertex: Hello World at x 471
Vertex: Hello World at x 472
Vertex: Hello World at x 473
Vertex: Hello World at x 474
Vertex: Hello World at x 475
Vertex: Hello World at x 476
Vertex: Hello World at x 477
Vertex: Hello World at x 478
Vertex: Hello World at x 479
Vertex: Hello World at x 480
Vertex: Hello World at x 481
Vertex: Hello World at x 482
Vertex: Hello World at x 483
Vertex: Hello World at x 484
Vertex: Hello World at x 485
Vertex: Hello World at x 486
Vertex: Hello World at x 487
Vertex: Hello World at x 488
Vertex: Hello World at x 489
Vertex: Hello World at x 490
Vertex: Hello World at x 491
Vertex: Hello World at x 492
Vertex: Hello World at x 493
Vertex: Hello World at x 494
Vertex: Hello World at x 495
Vertex: Hello World at x 496
Vertex: Hello World at x 497
Vertex: Hello World at x 498
Vertex: Hello World at x 499
Vertex: Hello World at x 500
Vertex: Hello World at x 501
Vertex: Hello World at x 502
Vertex: Hello World at x 503
Vertex: Hello World at x 504
Vertex: Hello World at x 505
Vertex: Hello World at x 506
Vertex: Hello World at x 507
Vertex: Hello World at x 508
Vertex: Hello World at x 509
Vertex: Hello World at x 510
Vertex: Hello World at x 511
Vertex: Hello World at x 512
Vertex: Hello World at x 513
Vertex: Hello World at x 514
Vertex: Hello World at x 515
Vertex: Hello World at x 516
Vertex: Hello World at x 517
Vertex: Hello World at x 518
Vertex: Hello World at x 519
Vertex: Hello World at x 520
Vertex: Hello World at x 521
Vertex: Hello World at x 522
Vertex: Hello World at x 523
Vertex: Hello World at x 524
Vertex: Hello World at x 525
Vertex: Hello World at x 526
Vertex: Hello World at x 527
Vertex: Hello World at x 528
Vertex: Hello World at x 529
Vertex: Hello World at x 530
Vertex: Hello World at x 531
Vertex: Hello World at x 532
Vertex: Hello World at x 533
Vertex: Hello World at x 534
Vertex: Hello World at x 535
Vertex: Hello World at x 536
Vertex: Hello World at x 537
Vertex: Hello World at x 538
Vertex: Hello World at x 539
Vertex: Hello World at x 540
Vertex: Hello World at x 541
Vertex: Hello World at x 542
Vertex: Hello World at x 543
Vertex: Hello World at x 544
Vertex: Hello World at x 545
Vertex: Hello World at x 546
Vertex: Hello World at x 547
Vertex: Hello World at x 548
Vertex: Hello World at x 549
Vertex: Hello World at x 550
Vertex: Hello World at x 551
Vertex: Hello World at x 552
Vertex: Hello World at x 553
Vertex: Hello World at x 554
Vertex: Hello World at x 555
Vertex: Hello World at x 556
Vertex: Hello World at x 557
Vertex: Hello World at x 558
Vertex: Hello World at x 559
Vertex: Hello World at x 560
Vertex: Hello World at x 561
Vertex: Hello World at x 562
Vertex: Hello World at x 563
Vertex: Hello World at x 564
Vertex: Hello World at x 565
Vertex: Hello World at x 566
Vertex: Hello World at x 567
Vertex: Hello World at x 568
Vertex: Hello World at x 569
Vertex: Hello World at x 570
Vertex: Hello World at x 571
Vertex: Hello World at x 572
Vertex: Hello World at x 573
Vertex: Hello World at x 574
Vertex: Hello World at x 575
Vertex: Hello World at x 576
Vertex: Hello World at x 577
Vertex: Hello World at x 578
Vertex: Hello World at x 579
Vertex: Hello World at x 580
Vertex: Hello World at x 581
Vertex: Hello World at x 582
Vertex: Hello World at x 583
Vertex: Hello World at x 584
Vertex: Hello World at x 585
Vertex: Hello World at x 586
Vertex: Hello World at x 587
Vertex: Hello World at x 588
Vertex: Hello World at x 589
Vertex: Hello World at x 590
Vertex: Hello World at x 591
Vertex: Hello World at x 592
Vertex: Hello World at x 593
Vertex: Hello World at x 594
Vertex: Hello World at x 595
Vertex: Hello World at x 596
Vertex: Hello World at x 597
Vertex: Hello World at x 598
Vertex: Hello World at x 599
Vertex: Hello World at x 600
Vertex: Hello World at x 601
Vertex: Hello World at x 602
Vertex: Hello World at x 603
Vertex: Hello World at x 604
Vertex: Hello World at x 605
Vertex: Hello World at x 606
Vertex: Hello World at x 607
Vertex: Hello World at x 608
Vertex: Hello World at x 609
Vertex: Hello World at x 610
Vertex: Hello World at x 611
Vertex: Hello World at x 612
Vertex: Hello World at x 613
Vertex: Hello World at x 614
Vertex: Hello World at x 615
Vertex: Hello World at x 616
Vertex: Hello World at x 617
Vertex: Hello World at x 618
Vertex: Hello World at x 619
Vertex: Hello World at x 620
Vertex: Hello World at x 621
Vertex: Hello World at x 622
Vertex: Hello World at x 623
Vertex: Hello World at x 624
Vertex: Hello World at x 625
Vertex: Hello World at x 626
Vertex: Hello World at x 627
Vertex: Hello World at x 628
Vertex: Hello World at x 629
Vertex: Hello World at x 630
Vertex: Hello World at x 631
Vertex: Hello World at x 632
Vertex: Hello World at x 633
Vertex: Hello World at x 634
Vertex: Hello World at x 635
Vertex: Hello World at x 636
Vertex: Hello World at x 637
Vertex: Hello World at x 638
Vertex: Hello World at x 639
Vertex: Hello World at x 640
Vertex: Hello World at x 641
Vertex: Hello World at x 642
Vertex: Hello World at x 643
Vertex: Hello World at x 644
Vertex: Hello World at x 645
Vertex: Hello World at x 646
Vertex: Hello World at x 647
Vertex: Hello World at x 648
Vertex: Hello World at x 649
Vertex: Hello World at x 650
Vertex: Hello World at x 651
Vertex: Hello World at x 652
Vertex: Hello World at x 653
Vertex: Hello World at x 654
Vertex: Hello World at x 655
Vertex: Hello World at x 656
Vertex: Hello World at x 657
Vertex: Hello World at x 658
Vertex: Hello World at x 659
Vertex: Hello World at x 660
Vertex: Hello World at x 661
Vertex: Hello World at x 662
Vertex: Hello World at x 663
Vertex: Hello World at x 664
Vertex: Hello World at x 665
Vertex: Hello World at x 666
Vertex: Hello World at x 667
Vertex: Hello World at x 668
Vertex: Hello World at x 669
Vertex: Hello World at x 670
Vertex: Hello World at x 671
Vertex: Hello World at x 672
Vertex: Hello World at x 673
Vertex: Hello World at x 674
Vertex: Hello World at x 675
Vertex: Hello World at x 676
Vertex: Hello World at x 677
Vertex: Hello World at x 678
Vertex: Hello World at x 679
Vertex: Hello World at x 680
Vertex: Hello World at x 681
Vertex: Hello World at x 682
Vertex: Hello World at x 683
Vertex: Hello World at x 684
Vertex: Hello World at x 685
Vertex: Hello World at x 686
Vertex: Hello World at x 687
Vertex: Hello World at x 688
Vertex: Hello World at x 689
Vertex: Hello World at x 690
Vertex: Hello World at x 691
Vertex: Hello World at x 692
Vertex: Hello World at x 693
Vertex: Hello World at x 694
Vertex: Hello World at x 695
Vertex: Hello World at x 696
Vertex: Hello World at x 697
Vertex: Hello World at x 698
Vertex: Hello World at x 699
Vertex: Hello World at x 700
Vertex: Hello World at x 701
Vertex: Hello World at x 702
Vertex: Hello World at x 703
Vertex: Hello World at x 704
Vertex: Hello World at x 705
Vertex: Hello World at x 706
Vertex: Hello World at x 707
Vertex: Hello World at x 708
Vertex: Hello World at x 709
Vertex: Hello World at x 710
Vertex: Hello World at x 711
Vertex: Hello World at x 712
Vertex: Hello World at x 713
Vertex: Hello World at x 714
Vertex: Hello World at x 715
Vertex: Hello World at x 716
Vertex: Hello World at x 717
Vertex: Hello World at x 718
Vertex: Hello World at x 719
Vertex: Hello World at x 720
Vertex: Hello World at x 721
Vertex: Hello World at x 722
Vertex: Hello World at x 723
Vertex: Hello World at x 724
Vertex: Hello World at x 725
Vertex: Hello World at x 726
Vertex: Hello World at x 727
Vertex: Hello World at x 728
Vertex: Hello World at x 729
Vertex: Hello World at x 730
Vertex: Hello World at x 731
Vertex: Hello World at x 732
Vertex: Hello World at x 733
Vertex: Hello World at x 734
Vertex: Hello World at x 735
Vertex: Hello World at x 736
Vertex: Hello World at x 737
Vertex: Hello World at x 738
Vertex: Hello World at x 739
Vertex: Hello World at x 740
Vertex: Hello World at x 741
Vertex: Hello World at x 742
Vertex: Hello World at x 743
Vertex: Hello World at x 744
Vertex: Hello World at x 745
Vertex: Hello World at x 746
Vertex: Hello World at x 747
Vertex: Hello World at x 748
Vertex: Hello World at x 749
Vertex: Hello World at x 750
Vertex: Hello World at x 751
Vertex: Hello World at x 752
Vertex: Hello World at x 753
Vertex: Hello World at x 754
Vertex: Hello World at x 755
Vertex: Hello World at x 756
Vertex: Hello World at x 757
Vertex: Hello World at x 758
Vertex: Hello World at x 759
Vertex: Hello World at x 760
Vertex: Hello World at x 761
Vertex: Hello World at x 762
Vertex: Hello World at x 763
Vertex: Hello World at x 764
Vertex: Hello World at x 765
Vertex: Hello World at x 766
Vertex: Hello World at x 767
Vertex: Hello World at x 768
Vertex: Hello World at x 769
Vertex: Hello World at x 770
Vertex: Hello World at x 771
Vertex: Hello World at x 772
Vertex: Hello World at x 773
Vertex: Hello World at x 774
Vertex: Hello World at x 775
Vertex: Hello World at x 776
Vertex: Hello World at x 777
Vertex: Hello World at x 778
Vertex: Hello World at x 779
Vertex: Hello World at x 780
Vertex: Hello World at x 781
Vertex: Hello World at x 782
Vertex: Hello World at x 783
Vertex: Hello World at x 784
Vertex: Hello World at x 785
Vertex: Hello World at x 786
Vertex: Hello World at x 787
Vertex: Hello World at x 788
Vertex: Hello World at x 789
Vertex: Hello World at x 790
Vertex: Hello World at x 791
Vertex: Hello World at x 792
Vertex: Hello World at x 793
Vertex: Hello World at x 794
Vertex: Hello World at x 795
Vertex: Hello World at x 796
Vertex: Hello World at x 797
Vertex: Hello World at x 798
Vertex: Hello World at x 799
Vertex: Hello World at x 800
Vertex: Hello World at x 801
Vertex: Hello World at x 802
Vertex: Hello World at x 803
Vertex: Hello World at x 804
Vertex: Hello World at x 805
Vertex: Hello World at x 806
Vertex: Hello World at x 807
Vertex: Hello World at x 808
Vertex: Hello World at x 809
Vertex: Hello World at x 810
Vertex: Hello World at x 811
Vertex: Hello World at x 812
Vertex: Hello World at x 813
Vertex: Hello World at x 814
Vertex: Hello World at x 815
Vertex: Hello World at x 816
Vertex: Hello World at x 817
Vertex: Hello World at x 818
Vertex: Hello World at x 819
Vertex: Hello World at x 820
Vertex: Hello World at x 821
Vertex: Hello World at x 822
Vertex: Hello World at x 823
Vertex: Hello World at x 824
Vertex: Hello World at x 825
Vertex: Hello World at x 826
Vertex: Hello World at x 827
Vertex: Hello World at x 828
Vertex: Hello World at x 829
Vertex: Hello World at x 830
Vertex: Hello World at x 831
Vertex: Hello World at x 832
Vertex: Hello World at x 833
Vertex: Hello World at x 834
Vertex: Hello World at x 835
Vertex: Hello World at x 836
Vertex: Hello World at x 837
Vertex: Hello World at x 838
Vertex: Hello World at x 839
Vertex: Hello World at x 840
Vertex: Hello World at x 841
Vertex: Hello World at x 842
Vertex: Hello World at x 843
Vertex: Hello World at x 844
Vertex: Hello World at x 845
Vertex: Hello World at x 846
Vertex: Hello World at x 847
Vertex: Hello World at x 848
Vertex: Hello World at x 849
Vertex: Hello World at x 850
Vertex: Hello World at x 851
Vertex: Hello World at x 852
Vertex: Hello World at x 853
Vertex: Hello World at x 854
Vertex: Hello World at x 855
Vertex: Hello World at x 856
Vertex: Hello World at x 857
Vertex: Hello World at x 858
Vertex: Hello World at x 859
Vertex: Hello World at x 860
Vertex: Hello World at x 861
Vertex: Hello World at x 862
Vertex: Hello World at x 863
Vertex: Hello World at x 864
Vertex: Hello World at x 865
Vertex: Hello World at x 866
Vertex: Hello World at x 867
Vertex: Hello World at x 868
Vertex: Hello World at x 869
Vertex: Hello World at x 870
Vertex: Hello World at x 871
Vertex: Hello World at x 872
Vertex: Hello World at x 873
Vertex: Hello World at x 874
Vertex: Hello World at x 875
Vertex: Hello World at x 876
Vertex: Hello World at x 877
Vertex: Hello World at x 878
Vertex: Hello World at x 879
Vertex: Hello World at x 880
Vertex: Hello World at x 881
Vertex: Hello World at x 882
Vertex: Hello World at x 883
Vertex: Hello World at x 884
Vertex: Hello World at x 885
Vertex: Hello World at x 886
Vertex: Hello World at x 887
Vertex: Hello World at x 888
Vertex: Hello World at x 889
Vertex: Hello World at x 890
Vertex: Hello World at x 891
Vertex: Hello World at x 892
Vertex: Hello World at x 893
Vertex: Hello World at x 894
Vertex: Hello World at x 895
Vertex: Hello World at x 896
Vertex: Hello World at x 897
Vertex: Hello World at x 898
Vertex: Hello World at x 899
Vertex: Hello World at x 900
Vertex: Hello World at x 901
Vertex: Hello World at x 902
Vertex: Hello World at x 903
Vertex: Hello World at x 904
Vertex: Hello World at x 905
Vertex: Hello World at x 906
Vertex: Hello World at x 907
Vertex: Hello World at x 908
Vertex: Hello World at x 909
Vertex: Hello World at x 910
Vertex: Hello World at x 911
Vertex: Hello World at x 912
Vertex: Hello World at x 913
Vertex: Hello World at x 914
Vertex: Hello World at x 915
Vertex: Hello World at x 916
Vertex: Hello World at x 917
Vertex: Hello World at x 918
Vertex: Hello World at x 919
Vertex: Hello World at x 920
Vertex: Hello World at x 921
Vertex: Hello World at x 922
Vertex: Hello World at x 923
Vertex: Hello World at x 924
Vertex: Hello World at x 925
Vertex: Hello World at x 926
Vertex: Hello World at x 927
Vertex: Hello World at x 928
Vertex: Hello World at x 929
Vertex: Hello World at x 930
Vertex: Hello World at x 931
Vertex: Hello World at x 932
Vertex: Hello World at x 933
Vertex: Hello World at x 934
Vertex: Hello World at x 935
Vertex: Hello World at x 936
Vertex: Hello World at x 937
Vertex: Hello World at x 938
Vertex: Hello World at x 939
Vertex: Hello World at x 940
Vertex: Hello World at x 941
Vertex: Hello World at x 942
Vertex: Hello World at x 943
Vertex: Hello World at x 944
Vertex: Hello World at x 945
Vertex: Hello World at x 946
Vertex: Hello World at x 947
Vertex: Hello World at x 948
Vertex: Hello World at x 949
Vertex: Hello World at x 950
Vertex: Hello World at x 951
Vertex: Hello World at x 952
Vertex: Hello World at x 953
Vertex: Hello World at x 954
Vertex: Hello World at x 955
Vertex: Hello World at x 956
Vertex: Hello World at x 957
Vertex: Hello World at x 958
Vertex: Hello World at x 959
Vertex: Hello World at x 960
Vertex: Hello World at x 961
Vertex: Hello World at x 962
Vertex: Hello World at x 963
Vertex: Hello World at x 964
Vertex: Hello World at x 965
Vertex: Hello World at x 966
Vertex: Hello World at x 967
Vertex: Hello World at x 968
Vertex: Hello World at x 969
Vertex: Hello World at x 970
Vertex: Hello World at x 971
Vertex: Hello World at x 972
Vertex: Hello World at x 973
Vertex: Hello World at x 974
Vertex: Hello World at x 975
Vertex: Hello World at x 976
Vertex: Hello World at x 977
Vertex: Hello World at x 978
Vertex: Hello World at x 979
Vertex: Hello World at x 980
Vertex: Hello World at x 981
Vertex: Hello World at x 982
Vertex: Hello World at x 983
Vertex: Hello World at x 984
Vertex: Hello World at x 985
Vertex: Hello World at x 986
Vertex: Hello World at x 987
Vertex: Hello World at x 988
Vertex: Hello World at x 989
Vertex: Hello World at x 990
Vertex: Hello World at x 991
Vertex: Hello World at x 992
Vertex: Hello World at x 993
Vertex: Hello World at x 994
Vertex: Hello World at x 995
Vertex: Hello World at x 996
Vertex: Hello World at x 997
Vertex: Hello World at x 998
Vertex: Hello World at x 999
Vertex: Hello World at x 1000
Vertex: Hello World at x 1001
Vertex: Hello World at x 1002
Vertex: Hello World at x 1003
Vertex: Hello World at x 1004
Vertex: Hello World at x 1005
Vertex: Hello World at x 1006
Vertex: Hello World at x 1007
Vertex: Hello World at x 1008
Vertex: Hello World at x 1009
Vertex: Hello World at x 1010
Vertex: Hello World at x 1011
Vertex: Hello World at x 1012
Vertex: Hello World at x 1013
Vertex: Hello World at x 1014
Vertex: Hello World at x 1015
Vertex: Hello World at x 1016
Vertex: Hello World at x 1017
Vertex: Hello World at x 1018
Vertex: Hello World at x 1019
Vertex: Hello World at x 1020
Vertex: Hello World at x 1021
Vertex: Hello World at x 1022
Vertex: Hello World at x 1023
Vertex: Hello World at x 1024
Vertex: Hello World at x 1025
Vertex: Hello World at x 1026
Vertex: Hello World at x 1027
Vertex: Hello World at x 1028
Vertex: Hello World at x 1029
Vertex: Hello World at x 1030
Vertex: Hello World at x 1031
Vertex: Hello World at x 1032
Vertex: Hello World at x 1033
Vertex: Hello World at x 1034
Vertex: Hello World at x 1035
Vertex: Hello World at x 1036
Vertex: Hello World at x 1037
Vertex: Hello World at x 1038
Vertex: Hello World at x 1039
Vertex: Hello World at x 1040
Vertex: Hello World at x 1041
Vertex: Hello World at x 1042
Vertex: Hello World at x 1043
Vertex: Hello World at x 1044
Vertex: Hello World at x 1045
Vertex: Hello World at x 1046
Vertex: Hello World at x 1047
Vertex: Hello World at x 1048
Vertex: Hello World at x 1049
Vertex: Hello World at x 1050
Vertex: Hello World at x 1051
Vertex: Hello World at x 1052
Vertex: Hello World at x 1053
Vertex: Hello World at x 1054
Vertex: Hello World at x 1055
Vertex: Hello World at x 1056
Vertex: Hello World at x 1057
Vertex: Hello World at x 1058
Vertex: Hello World at x 1059
Vertex: Hello World at x 1060
Vertex: Hello World at x 1061
Vertex: Hello World at x 1062
Vertex: Hello World at x 1063
Vertex: Hello World at x 1064
Vertex: Hello World at x 1065
Vertex: Hello World at x 1066
Vertex: Hello World at x 1067
Vertex: Hello World at x 1068
Vertex: Hello World at x 1069
Vertex: Hello World at x 1070
Vertex: Hello World at x 1071
Vertex: Hello World at x 1072
Vertex: Hello World at x 1073
Vertex: Hello World at x 1074
Vertex: Hello World at x 1075
Vertex: Hello World at x 1076
Vertex: Hello World at x 1077
Vertex: Hello World at x 1078
Vertex: Hello World at x 1079
Vertex: Hello World at x 1080
Vertex: Hello World at x 1081
Vertex: Hello World at x 1082
Vertex: Hello World at x 1083
Vertex: Hello World at x 1084
Vertex: Hello World at x 1085
Vertex: Hello World at x 1086
Vertex: Hello World at x 1087
Vertex: Hello World at x 1088
Vertex: Hello World at x 1089
Vertex: Hello World at x 1090
Vertex: Hello World at x 1091
Vertex: Hello World at x 1092
Vertex: Hello World at x 1093
Vertex: Hello World at x 1094
Vertex: Hello World at x 1095
Vertex: Hello World at x 1096
Vertex: Hello World at x 1097
Vertex: Hello World at x 1098
Vertex: Hello World at x 1099
Vertex: Hello World at x 1100
Vertex: Hello World at x 1101
Vertex: Hello World at x 1102
Vertex: Hello World at x 1103
Vertex: Hello World at x 1104
Vertex: Hello World at x 1105
Vertex: Hello World at x 1106
Vertex: Hello World at x 1107
Vertex: Hello World at x 1108
Vertex: Hello World at x 1109
Vertex: Hello World at x 1110
Vertex: Hello World at x 1111
Vertex: Hello World at x 1112
Vertex: Hello World at x 1113
Vertex: Hello World at x 1114
Vertex: Hello World at x 1115
Vertex: Hello World at x 1116
Vertex: Hello World at x 1117
Vertex: Hello World at x 1118
Vertex: Hello World at x 1119
Vertex: Hello World at x 1120
Vertex: Hello World at x 1121
Vertex: Hello World at x 1122
Vertex: Hello World at x 1123
Vertex: Hello World at x 1124
Vertex: Hello World at x 1125
Vertex: Hello World at x 1126
Vertex: Hello World at x 1127
Vertex: Hello World at x 1128
Vertex: Hello World at x 1129
Vertex: Hello World at x 1130
Vertex: Hello World at x 1131
Vertex: Hello World at x 1132
Vertex: Hello World at x 1133
Vertex: Hello World at x 1134
Vertex: Hello World at x 1135
Vertex: Hello World at x 1136
Vertex: Hello World at x 1137
Vertex: Hello World at x 1138
Vertex: Hello World at x 1139
Vertex: Hello World at x 1140
Vertex: Hello World at x 1141
Vertex: Hello World at x 1142
Vertex: Hello World at x 1143
Vertex: Hello World at x 1144
Vertex: Hello World at x 1145
Vertex: Hello World at x 1146
Vertex: Hello World at x 1147
Vertex: Hello World at x 1148
Vertex: Hello World at x 1149
Vertex: Hello World at x 1150
Vertex: Hello World at x 1151
Vertex: Hello World at x 1152
Vertex: Hello World at x 1153
Vertex: Hello World at x 1154
Vertex: Hello World at x 1155
Vertex: Hello World at x 1156
Vertex: Hello World at x 1157
Vertex: Hello World at x 1158
Vertex: Hello World at x 1159
Vertex: Hello World at x 1160
Vertex: Hello World at x 1161
Vertex: Hello World at x 1162
Vertex: Hello World at x 1163
Vertex: Hello World at x 1164
Vertex: Hello World at x 1165
Vertex: Hello World at x 1166
Vertex: Hello World at x 1167
Vertex: Hello World at x 1168
Vertex: Hello World at x 1169
Vertex: Hello World at x 1170
Vertex: Hello World at x 1171
Vertex: Hello World at x 1172
Vertex: Hello World at x 1173
Vertex: Hello World at x 1174
Vertex: Hello World at x 1175
Vertex: Hello World at x 1176
Vertex: Hello World at x 1177
Vertex: Hello World at x 1178
Vertex: Hello World at x 1179
Vertex: Hello World at x 1180
Vertex: Hello World at x 1181
Vertex: Hello World at x 1182
Vertex: Hello World at x 1183
Vertex: Hello World at x 1184
Vertex: Hello World at x 1185
Vertex: Hello World at x 1186
Vertex: Hello World at x 1187
Vertex: Hello World at x 1188
Vertex: Hello World at x 1189
Vertex: Hello World at x 1190
Vertex: Hello World at x 1191
Vertex: Hello World at x 1192
Vertex: Hello World at x 1193
Vertex: Hello World at x 1194
Vertex: Hello World at x 1195
Vertex: Hello World at x 1196
Vertex: Hello World at x 1197
Vertex: Hello World at x 1198
Vertex: Hello World at x 1199
Vertex: Hello World at x 1200
Vertex: Hello World at x 1201
Vertex: Hello World at x 1202
Vertex: Hello World at x 1203
Vertex: Hello World at x 1204
Vertex: Hello World at x 1205
Vertex: Hello World at x 1206
Vertex: Hello World at x 1207
Vertex: Hello World at x 1208
Vertex: Hello World at x 1209
Vertex: Hello World at x 1210
Vertex: Hello World at x 1211
Vertex: Hello World at x 1212
Vertex: Hello World at x 1213
Vertex: Hello World at x 1214
Vertex: Hello World at x 1215
Vertex: Hello World at x 1216
Vertex: Hello World at x 1217
Vertex: Hello World at x 1218
Vertex: Hello World at x 1219
Vertex: Hello World at x 1220
Vertex: Hello World at x 1221
Vertex: Hello World at x 1222
Vertex: Hello World at x 1223
Vertex: Hello World at x 1224
Vertex: Hello World at x 1225
Vertex: Hello World at x 1226
Vertex: Hello World at x 1227
Vertex: Hello World at x 1228
Vertex: Hello World at x 1229
Vertex: Hello World at x 1230
Vertex: Hello World at x 1231
Vertex: Hello World at x 1232
Vertex: Hello World at x 1233
Vertex: Hello World at x 1234
Vertex: Hello World at x 1235
Vertex: Hello World at x 1236
Vertex: Hello World at x 1237
Vertex: Hello World at x 1238
Vertex: Hello World at x 1239
Vertex: Hello World at x 1240
Vertex: Hello World at x 1241
Vertex: Hello World at x 1242
Vertex: Hello World at x 1243
Vertex: Hello World at x 1244
Vertex: Hello World at x 1245
Vertex: Hello World at x 1246
Vertex: Hello World at x 1247
Vertex: Hello World at x 1248
Vertex: Hello World at x 1249
Vertex: Hello World at x 1250
Vertex: Hello World at x 1251
Vertex: Hello World at x 1252
Vertex: Hello World at x 1253
Vertex: Hello World at x 1254
Vertex: Hello World at x 1255
Vertex: Hello World at x 1256
Vertex: Hello World at x 1257
Vertex: Hello World at x 1258
Vertex: Hello World at x 1259
Vertex: Hello World at x 1260
Vertex: Hello World at x 1261
Vertex: Hello World at x 1262
Vertex: Hello World at x 1263
Vertex: Hello World at x 1264
Vertex: Hello World at x 1265
Vertex: Hello World at x 1266
Vertex: Hello World at x 1267
Vertex: Hello World at x 1268
Vertex: Hello World at x 1269
Vertex: Hello World at x 1270
Vertex: Hello World at x 1271
Vertex: Hello World at x 1272
Vertex: Hello World at x 1273
Vertex: Hello World at x 1274
Vertex: Hello World at x 1275
Vertex: Hello World at x 1276
Vertex: Hello World at x 1277
Vertex: Hello World at x 1278
Vertex: Hello World at x 1279
Vertex: Hello World at x 1280
Vertex: Hello World at x 1281
Vertex: Hello World at x 1282
Vertex: Hello World at x 1283
Vertex: Hello World at x 1284
Vertex: Hello World at x 1285
Vertex: Hello World at x 1286
Vertex: Hello World at x 1287
Vertex: Hello World at x 1288
Vertex: Hello World at x 1289
Vertex: Hello World at x 1290
Vertex: Hello World at x 1291
Vertex: Hello World at x 1292
Vertex: Hello World at x 1293
Vertex: Hello World at x 1294
Vertex: Hello World at x 1295
Vertex: Hello World at x 1296
Vertex: Hello World at x 1297
Vertex: Hello World at x 1298
Vertex: Hello World at x 1299
Vertex: Hello World at x 1300
Vertex: Hello World at x 1301
Vertex: Hello World at x 1302
Vertex: Hello World at x 1303
Vertex: Hello World at x 1304
Vertex: Hello World at x 1305
Vertex: Hello World at x 1306
Vertex: Hello World at x 1307
Vertex: Hello World at x 1308
Vertex: Hello World at x 1309
Vertex: Hello World at x 1310
Vertex: Hello World at x 1311
Vertex: Hello World at x 1312
Vertex: Hello World at x 1313
Vertex: Hello World at x 1314
Vertex: Hello World at x 1315
Vertex: Hello World at x 1316
Vertex: Hello World at x 1317
Vertex: Hello World at x 1318
Vertex: Hello World at x 1319
Vertex: Hello World at x 1320
Vertex: Hello World at x 1321
Vertex: Hello World at x 1322
Vertex: Hello World at x 1323
Vertex: Hello World at x 1324
Vertex: Hello World at x 1325
Vertex: Hello World at x 1326
Vertex: Hello World at x 1327
Vertex: Hello World at x 1328
Vertex: Hello World at x 1329
Vertex: Hello World at x 1330
Vertex: Hello World at x 1331
Vertex: Hello World at x 1332
Vertex: Hello World at x 1333
Vertex: Hello World at x 1334
Vertex: Hello World at x 1335
Vertex: Hello World at x 1336
Vertex: Hello World at x 1337
Vertex: Hello World at x 1338
Vertex: Hello World at x 1339
Vertex: Hello World at x 1340
Vertex: Hello World at x 1341
Vertex: Hello World at x 1342
Vertex: Hello World at x 1343
Vertex: Hello World at x 1344
Vertex: Hello World at x 1345
Vertex: Hello World at x 1346
Vertex: Hello World at x 1347
Vertex: Hello World at x 1348
Vertex: Hello World at x 1349
Vertex: Hello World at x 1350
Vertex: Hello World at x 1351
Vertex: Hello World at x 1352
Vertex: Hello World at x 1353
Vertex: Hello World at x 1354
Vertex: Hello World at x 1355
Vertex: Hello World at x 1356
Vertex: Hello World at x 1357
Vertex: Hello World at x 1358
Vertex: Hello World at x 1359
Vertex: Hello World at x 1360
Vertex: Hello World at x 1361
Vertex: Hello World at x 1362
Vertex: Hello World at x 1363
Vertex: Hello World at x 1364
Vertex: Hello World at x 1365
Vertex: Hello World at x 1366
Vertex: Hello World at x 1367
Vertex: Hello World at x 1368
Vertex: Hello World at x 1369
Vertex: Hello World at x 1370
Vertex: Hello World at x 1371
Vertex: Hello World at x 1372
Vertex: Hello World at x 1373
Vertex: Hello World at x 1374
Vertex: Hello World at x 1375
Vertex: Hello World at x 1376
Vertex: Hello World at x 1377
Vertex: Hello World at x 1378
Vertex: Hello World at x 1379
Vertex: Hello World at x 1380
Vertex: Hello World at x 1381
Vertex: Hello World at x 1382
Vertex: Hello World at x 1383
Vertex: Hello World at x 1384
Vertex: Hello World at x 1385
Vertex: Hello World at x 1386
Vertex: Hello World at x 1387
Vertex: Hello World at x 1388
Vertex: Hello World at x 1389
Vertex: Hello World at x 1390
Vertex: Hello World at x 1391
Vertex: Hello World at x 1392
Vertex: Hello World at x 1393
Vertex: Hello World at x 1394
Vertex: Hello World at x 1395
Vertex: Hello World at x 1396
Vertex: Hello World at x 1397
Vertex: Hello World at x 1398
Vertex: Hello World at x 1399
Vertex: Hello World at x 1400
Vertex: Hello World at x 1401
Vertex: Hello World at x 1402
Vertex: Hello World at x 1403
Vertex: Hello World at x 1404
Vertex: Hello World at x 1405
Vertex: Hello World at x 1406
Vertex: Hello World at x 1407
Vertex: Hello World at x 1408
Vertex: Hello World at x 1409
Vertex: Hello World at x 1410
Vertex: Hello World at x 1411
Vertex: Hello World at x 1412
Vertex: Hello World at x 1413
Vertex: Hello World at x 1414
Vertex: Hello World at x 1415
Vertex: Hello World at x 1416
Vertex: Hello World at x 1417
Vertex: Hello World at x 1418
Vertex: Hello World at x 1419
Vertex: Hello World at x 1420
Vertex: Hello World at x 1421
Vertex: Hello World at x 1422
Vertex: Hello World at x 1423
Vertex: Hello World at x 1424
Vertex: Hello World at x 1425
Vertex: Hello World at x 1426
Vertex: Hello World at x 1427
Vertex: Hello World at x 1428
Vertex: Hello World at x 1429
Vertex: Hello World at x 1430
Vertex: Hello World at x 1431
Vertex: Hello World at x 1432
Vertex: Hello World at x 1433
Vertex: Hello World at x 1434
Vertex: Hello World at x 1435
Vertex: Hello World at x 1436
Vertex: Hello World at x 1437
Vertex: Hello World at x 1438
Vertex: Hello World at x 1439
Vertex: Hello World at x 1440
Vertex: Hello World at x 1441
Vertex: Hello World at x 1442
Vertex: Hello World at x 1443
Vertex: Hello World at x 1444
Vertex: Hello World at x 1445
Vertex: Hello World at x 1446
Vertex: Hello World at x 1447
Vertex: Hello World at x 1448
Vertex: Hello World at x 1449
Vertex: Hello World at x 1450
Vertex: Hello World at x 1451
Vertex: Hello World at x 1452
Vertex: Hello World at x 1453
Vertex: Hello World at x 1454
Vertex: Hello World at x 1455
Vertex: Hello World at x 1456
Vertex: Hello World at x 1457
Vertex: Hello World at x 1458
Vertex: Hello World at x 1459
Vertex: Hello World at x 1460
Vertex: Hello World at x 1461
Vertex: Hello World at x 1462
Vertex: Hello World at x 1463
Vertex: Hello World at x 1464
Vertex: Hello World at x 1465
Vertex: Hello World at x 1466
Vertex: Hello World at x 1467
Vertex: Hello World at x 1468
Vertex: Hello World at x 1469
Vertex: Hello World at x 1470
Vertex: Hello World at x 1471
Vertex: Hello World at x 1472
Vertex: Hello World at x 1473
Vertex: Hello World at x 1474
Vertex: Hello World at x 1475
Vertex: Hello World at x 1476
Vertex: Hello World at x 1477
Vertex: Hello World at x 1478
Vertex: Hello World at x 1479
Vertex: Hello World at x 1480
Vertex: Hello World at x 1481
Vertex: Hello World at x 1482
Vertex: Hello World at x 1483
Vertex: Hello World at x 1484
Vertex: Hello World at x 1485
Vertex: Hello World at x 1486
Vertex: Hello World at x 1487
Vertex: Hello World at x 1488
Vertex: Hello World at x 1489
Vertex: Hello World at x 1490
Vertex: Hello World at x 1491
Vertex: Hello World at x 1492
Vertex: Hello World at x 1493
Vertex: Hello World at x 1494
Vertex: Hello World at x 1495
Vertex: Hello World at x 1496
Vertex: Hello World at x 1497
Vertex: Hello World at x 1498
Vertex: Hello World at x 1499
Vertex: Hello World at x 1500
Vertex: Hello World at x 1501
Vertex: Hello World at x 1502
Vertex: Hello World at x 1503
Vertex: Hello World at x 1504
Vertex: Hello World at x 1505
Vertex: Hello World at x 1506
Vertex: Hello World at x 1507
Vertex: Hello World at x 1508
Vertex: Hello World at x 1509
Vertex: Hello World at x 1510
Vertex: Hello World at x 1511
Vertex: Hello World at x 1512
Vertex: Hello World at x 1513
Vertex: Hello World at x 1514
Vertex: Hello World at x 1515
Vertex: Hello World at x 1516
Vertex: Hello World at x 1517
Vertex: Hello World at x 1518
Vertex: Hello World at x 1519
Vertex: Hello World at x 1520
Vertex: Hello World at x 1521
Vertex: Hello World at x 1522
Vertex: Hello World at x 1523
Vertex: Hello World at x 1524
Vertex: Hello World at x 1525
Vertex: Hello World at x 1526
Vertex: Hello World at x 1527
Vertex: Hello World at x 1528
Vertex: Hello World at x 1529
Vertex: Hello World at x 1530
Vertex: Hello World at x 1531
Vertex: Hello World at x 1532
Vertex: Hello World at x 1533
Vertex: Hello World at x 1534
Vertex: Hello World at x 1535
Vertex: Hello World at x 1536
Vertex: Hello World at x 1537
Vertex: Hello World at x 1538
Vertex: Hello World at x 1539
Vertex: Hello World at x 1540
Vertex: Hello World at x 1541
Vertex: Hello World at x 1542
Vertex: Hello World at x 1543
Vertex: Hello World at x 1544
Vertex: Hello World at x 1545
Vertex: Hello World at x 1546
Vertex: Hello World at x 1547
Vertex: Hello World at x 1548
Vertex: Hello World at x 1549
Vertex: Hello World at x 1550
Vertex: Hello World at x 1551
Vertex: Hello World at x 1552
Vertex: Hello World at x 1553
Vertex: Hello World at x 1554
Vertex: Hello World at x 1555
Vertex: Hello World at x 1556
Vertex: Hello World at x 1557
Vertex: Hello World at x 1558
Vertex: Hello World at x 1559
Vertex: Hello World at x 1560
Vertex: Hello World at x 1561
Vertex: Hello World at x 1562
Vertex: Hello World at x 1563
Vertex: Hello World at x 1564
Vertex: Hello World at x 1565
Vertex: Hello World at x 1566
Vertex: Hello World at x 1567
Vertex: Hello World at x 1568
Vertex: Hello World at x 1569
Vertex: Hello World at x 1570
Vertex: Hello World at x 1571
Vertex: Hello World at x 1572
Vertex: Hello World at x 1573
Vertex: Hello World at x 1574
Vertex: Hello World at x 1575
Vertex: Hello World at x 1576
Vertex: Hello World at x 1577
Vertex: Hello World at x 1578
Vertex: Hello World at x 1579
Vertex: Hello World at x 1580
Vertex: Hello World at x 1581
Vertex: Hello World at x 1582
Vertex: Hello World at x 1583
Vertex: Hello World at x 1584
Vertex: Hello World at x 1585
Vertex: Hello World at x 1586
Vertex: Hello World at x 1587
Vertex: Hello World at x 1588
Vertex: Hello World at x 1589
Vertex: Hello World at x 1590
Vertex: Hello World at x 1591
Vertex: Hello World at x 1592
Vertex: Hello World at x 1593
Vertex: Hello World at x 1594
Vertex: Hello World at x 1595
Vertex: Hello World at x 1596
Vertex: Hello World at x 1597
Vertex: Hello World at x 1598
Vertex: Hello World at x 1599
Vertex: Hello World at x 1600
Vertex: Hello World at x 1601
Vertex: Hello World at x 1602
Vertex: Hello World at x 1603
Vertex: Hello World at x 1604
Vertex: Hello World at x 1605
Vertex: Hello World at x 1606
Vertex: Hello World at x 1607
Vertex: Hello World at x 1608
Vertex: Hello World at x 1609
Vertex: Hello World at x 1610
Vertex: Hello World at x 1611
Vertex: Hello World at x 1612
Vertex: Hello World at x 1613
Vertex: Hello World at x 1614
Vertex: Hello World at x 1615
Vertex: Hello World at x 1616
Vertex: Hello World at x 1617
Vertex: Hello World at x 1618
Vertex: Hello World at x 1619
Vertex: Hello World at x 1620
Vertex: Hello World at x 1621
Vertex: Hello World at x 1622
Vertex: Hello World at x 1623
Vertex: Hello World at x 1624
Vertex: Hello World at x 1625
Vertex: Hello World at x 1626
Vertex: Hello World at x 1627
Vertex: Hello World at x 1628
Vertex: Hello World at x 1629
Vertex: Hello World at x 1630
Vertex: Hello World at x 1631
Vertex: Hello World at x 1632
Vertex: Hello World at x 1633
Vertex: Hello World at x 1634
Vertex: Hello World at x 1635
Vertex: Hello World at x 1636
Vertex: Hello World at x 1637
Vertex: Hello World at x 1638
Vertex: Hello World at x 1639
Vertex: Hello World at x 1640
Vertex: Hello World at x 1641
Vertex: Hello World at x 1642
Vertex: Hello World at x 1643
Vertex: Hello World at x 1644
Vertex: Hello World at x 1645
Vertex: Hello World at x 1646
Vertex: Hello World at x 1647
Vertex: Hello World at x 1648
Vertex: Hello World at x 1649
Vertex: Hello World at x 1650
Vertex: Hello World at x 1651
Vertex: Hello World at x 1652
Vertex: Hello World at x 1653
Vertex: Hello World at x 1654
Vertex: Hello World at x 1655
Vertex: Hello World at x 1656
Vertex: Hello World at x 1657
Vertex: Hello World at x 1658
Vertex: Hello World at x 1659
Vertex: Hello World at x 1660
Vertex: Hello World at x 1661
Vertex: Hello World at x 1662
Vertex: Hello World at x 1663
Vertex: Hello World at x 1664
Vertex: Hello World at x 1665
Vertex: Hello World at x 1666
Vertex: Hello World at x 1667
Vertex: Hello World at x 1668
Vertex: Hello World at x 1669
Vertex: Hello World at x 1670
Vertex: Hello World at x 1671
Vertex: Hello World at x 1672
Vertex: Hello World at x 1673
Vertex: Hello World at x 1674
Vertex: Hello World at x 1675
Vertex: Hello World at x 1676
Vertex: Hello World at x 1677
Vertex: Hello World at x 1678
Vertex: Hello World at x 1679
Vertex: Hello World at x 1680
Vertex: Hello World at x 1681
Vertex: Hello World at x 1682
Vertex: Hello World at x 1683
Vertex: Hello World at x 1684
Vertex: Hello World at x 1685
Vertex: Hello World at x 1686
Vertex: Hello World at x 1687
Vertex: Hello World at x 1688
Vertex: Hello World at x 1689
Vertex: Hello World at x 1690
Vertex: Hello World at x 1691
Vertex: Hello World at x 1692
Vertex: Hello World at x 1693
Vertex: Hello World at x 1694
Vertex: Hello World at x 1695
Vertex: Hello World at x 1696
Vertex: Hello World at x 1697
Vertex: Hello World at x 1698
Vertex: Hello World at x 1699
Vertex: Hello World at x 1700
Vertex: Hello World at x 1701
Vertex: Hello World at x 1702
Vertex: Hello World at x 1703
Vertex: Hello World at x 1704
Vertex: Hello World at x 1705
Vertex: Hello World at x 1706
Vertex: Hello World at x 1707
Vertex: Hello World at x 1708
Vertex: Hello World at x 1709
Vertex: Hello World at x 1710
Vertex: Hello World at x 1711
Vertex: Hello World at x 1712
Vertex: Hello World at x 1713
Vertex: Hello World at x 1714
Vertex: Hello World at x 1715
Vertex: Hello World at x 1716
Vertex: Hello World at x 1717
Vertex: Hello World at x 1718
Vertex: Hello World at x 1719
Vertex: Hello World at x 1720
Vertex: Hello World at x 1721
Vertex: Hello World at x 1722
Vertex: Hello World at x 1723
Vertex: Hello World at x 1724
Vertex: Hello World at x 1725
Vertex: Hello World at x 1726
Vertex: Hello World at x 1727
Vertex: Hello World at x 1728
Vertex: Hello World at x 1729
Vertex: Hello World at x 1730
Vertex: Hello World at x 1731
Vertex: Hello World at x 1732
Vertex: Hello World at x 1733
Vertex: Hello World at x 1734
Vertex: Hello World at x 1735
Vertex: Hello World at x 1736
Vertex: Hello World at x 1737
Vertex: Hello World at x 1738
Vertex: Hello World at x 1739
Vertex: Hello World at x 1740
Vertex: Hello World at x 1741
Vertex: Hello World at x 1742
Vertex: Hello World at x 1743
Vertex: Hello World at x 1744
Vertex: Hello World at x 1745
Vertex: Hello World at x 1746
Vertex: Hello World at x 1747
Vertex: Hello World at x 1748
Vertex: Hello World at x 1749
Vertex: Hello World at x 1750
Vertex: Hello World at x 1751
Vertex: Hello World at x 1752
Vertex: Hello World at x 1753
Vertex: Hello World at x 1754
Vertex: Hello World at x 1755
Vertex: Hello World at x 1756
Vertex: Hello World at x 1757
Vertex: Hello World at x 1758
Vertex: Hello World at x 1759
Vertex: Hello World at x 1760
Vertex: Hello World at x 1761
Vertex: Hello World at x 1762
Vertex: Hello World at x 1763
Vertex: Hello World at x 1764
Vertex: Hello World at x 1765
Vertex: Hello World at x 1766
Vertex: Hello World at x 1767
Vertex: Hello World at x 1768
Vertex: Hello World at x 1769
Vertex: Hello World at x 1770
Vertex: Hello World at x 1771
Vertex: Hello World at x 1772
Vertex: Hello World at x 1773
Vertex: Hello World at x 1774
Vertex: Hello World at x 1775
Vertex: Hello World at x 1776
Vertex: Hello World at x 1777
Vertex: Hello World at x 1778
Vertex: Hello World at x 1779
Vertex: Hello World at x 1780
Vertex: Hello World at x 1781
Vertex: Hello World at x 1782
Vertex: Hello World at x 1783
Vertex: Hello World at x 1784
Vertex: Hello World at x 1785
Vertex: Hello World at x 1786
Vertex: Hello World at x 1787
Vertex: Hello World at x 1788
Vertex: Hello World at x 1789
Vertex: Hello World at x 1790
Vertex: Hello World at x 1791
Vertex: Hello World at x 1792
Vertex: Hello World at x 1793
Vertex: Hello World at x 1794
Vertex: Hello World at x 1795
Vertex: Hello World at x 1796
Vertex: Hello World at x 1797
Vertex: Hello World at x 1798
Vertex: Hello World at x 1799
Vertex: Hello World at x 1800
Vertex: Hello World at x 1801
Vertex: Hello World at x 1802
Vertex: Hello World at x 1803
Vertex: Hello World at x 1804
Vertex: Hello World at x 1805
Vertex: Hello World at x 1806
Vertex: Hello World at x 1807
Vertex: Hello World at x 1808
Vertex: Hello World at x 1809
Vertex: Hello World at x 1810
Vertex: Hello World at x 1811
Vertex: Hello World at x 1812
Vertex: Hello World at x 1813
Vertex: Hello World at x 1814
Vertex: Hello World at x 1815
Vertex: Hello World at x 1816
Vertex: Hello World at x 1817
Vertex: Hello World at x 1818
Vertex: Hello World at x 1819
Vertex: Hello World at x 1820
Vertex: Hello World at x 1821
Vertex: Hello World at x 1822
Vertex: Hello World at x 1823
Vertex: Hello World at x 1824
Vertex: Hello World at x 1825
Vertex: Hello World at x 1826
Vertex: Hello World at x 1827
Vertex: Hello World at x 1828
Vertex: Hello World at x 1829
Vertex: Hello World at x 1830
Vertex: Hello World at x 1831
Vertex: Hello World at x 1832
Vertex: Hello World at x 1833
Vertex: Hello World at x 1834
Vertex: Hello World at x 1835
Vertex: Hello World at x 1836
Vertex: Hello World at x 1837
Vertex: Hello World at x 1838
Vertex: Hello World at x 1839
Vertex: Hello World at x 1840
Vertex: Hello World at x 1841
Vertex: Hello World at x 1842
Vertex: Hello World at x 1843
Vertex: Hello World at x 1844
Vertex: Hello World at x 1845
Vertex: Hello World at x 1846
Vertex: Hello World at x 1847
Vertex: Hello World at x 1848
Vertex: Hello World at x 1849
Vertex: Hello World at x 1850
Vertex: Hello World at x 1851
Vertex: Hello World at x 1852
Vertex: Hello World at x 1853
Vertex: Hello World at x 1854
Vertex: Hello World at x 1855
Vertex: Hello World at x 1856
Vertex: Hello World at x 1857
Vertex: Hello World at x 1858
Vertex: Hello World at x 1859
Vertex: Hello World at x 1860
Vertex: Hello World at x 1861
Vertex: Hello World at x 1862
Vertex: Hello World at x 1863
Vertex: Hello World at x 1864
Vertex: Hello World at x 1865
Vertex: Hello World at x 1866
Vertex: Hello World at x 1867
Vertex: Hello World at x 1868
Vertex: Hello World at x 1869
Vertex: Hello World at x 1870
Vertex: Hello World at x 1871
Vertex: Hello World at x 1872
Vertex: Hello World at x 1873
Vertex: Hello World at x 1874
Vertex: Hello World at x 1875
Vertex: Hello World at x 1876
Vertex: Hello World at x 1877
Vertex: Hello World at x 1878
Vertex: Hello World at x 1879
Vertex: Hello World at x 1880
Vertex: Hello World at x 1881
Vertex: Hello World at x 1882
Vertex: Hello World at x 1883
Vertex: Hello World at x 1884
Vertex: Hello World at x 1885
Vertex: Hello World at x 1886
Vertex: Hello World at x 1887
Vertex: Hello World at x 1888
Vertex: Hello World at x 1889
Vertex: Hello World at x 1890
Vertex: Hello World at x 1891
Vertex: Hello World at x 1892
Vertex: Hello World at x 1893
Vertex: Hello World at x 1894
Vertex: Hello World at x 1895
Vertex: Hello World at x 1896
Vertex: Hello World at x 1897
Vertex: Hello World at x 1898
Vertex: Hello World at x 1899
Vertex: Hello World at x 1900
Vertex: Hello World at x 1901
Vertex: Hello World at x 1902
Vertex: Hello World at x 1903
Vertex: Hello World at x 1904
Vertex: Hello World at x 1905
Vertex: Hello World at x 1906
Vertex: Hello World at x 1907
Vertex: Hello World at x 1908
Vertex: Hello World at x 1909
Vertex: Hello World at x 1910
Vertex: Hello World at x 1911
Vertex: Hello World at x 1912
Vertex: Hello World at x 1913
Vertex: Hello World at x 1914
Vertex: Hello World at x 1915
Vertex: Hello World at x 1916
Vertex: Hello World at x 1917
Vertex: Hello World at x 1918
Vertex: Hello World at x 1919
Vertex: Hello World at x 1920
Vertex: Hello World at x 1921
Vertex: Hello World at x 1922
Vertex: Hello World at x 1923
Vertex: Hello World at x 1924
Vertex: Hello World at x 1925
Vertex: Hello World at x 1926
Vertex: Hello World at x 1927
Vertex: Hello World at x 1928
Vertex: Hello World at x 1929
Vertex: Hello World at x 1930
Vertex: Hello World at x 1931
Vertex: Hello World at x 1932
Vertex: Hello World at x 1933
Vertex: Hello World at x 1934
Vertex: Hello World at x 1935
Vertex: Hello World at x 1936
Vertex: Hello World at x 1937
Vertex: Hello World at x 1938
Vertex: Hello World at x 1939
Vertex: Hello World at x 1940
Vertex: Hello World at x 1941
Vertex: Hello World at x 1942
Vertex: Hello World at x 1943
Vertex: Hello World at x 1944
Vertex: Hello World at x 1945
Vertex: Hello World at x 1946
Vertex: Hello World at x 1947
Vertex: Hello World at x 1948
Vertex: Hello World at x 1949
Vertex: Hello World at x 1950
Vertex: Hello World at x 1951
Vertex: Hello World at x 1952
Vertex: Hello World at x 1953
Vertex: Hello World at x 1954
Vertex: Hello World at x 1955
Vertex: Hello World at x 1956
Vertex: Hello World at x 1957
Vertex: Hello World at x 1958
Vertex: Hello World at x 1959
Vertex: Hello World at x 1960
Vertex: Hello World at x 1961
Vertex: Hello World at x 1962
Vertex: Hello World at x 1963
Vertex: Hello World at x 1964
Vertex: Hello World at x 1965
Vertex: Hello World at x 1966
Vertex: Hello World at x 1967
Vertex: Hello World at x 1968
Vertex: Hello World at x 1969
Vertex: Hello World at x 1970
Vertex: Hello World at x 1971
Vertex: Hello World at x 1972
Vertex: Hello World at x 1973
Vertex: Hello World at x 1974
Vertex: Hello World at x 1975
Vertex: Hello World at x 1976
Vertex: Hello World at x 1977
Vertex: Hello World at x 1978
Vertex: Hello World at x 1979
Vertex: Hello World at x 1980
Vertex: Hello World at x 1981
Vertex: Hello World at x 1982
Vertex: Hello World at x 1983
Vertex: Hello World at x 1984
Vertex: Hello World at x 1985
Vertex: Hello World at x 1986
Vertex: Hello World at x 1987
Vertex: Hello World at x 1988
Vertex: Hello World at x 1989
Vertex: Hello World at x 1990
Vertex: Hello World at x 1991
Vertex: Hello World at x 1992
Vertex: Hello World at x 1993
Vertex: Hello World at x 1994
Vertex: Hello World at x 1995
Vertex: Hello World at x 1996
Vertex: Hello World at x 1997
Vertex: Hello World at x 1998
Vertex: Hello World at x 1999
Vertex: Hello World at x 2000
Vertex: Hello World at x 2001
Vertex: Hello World at x 2002
Vertex: Hello World at x 2003
Vertex: Hello World at x 2004
Vertex: Hello World at x 2005
Vertex: Hello World at x 2006
Vertex: Hello World at x 2007
Vertex: Hello World at x 2008
Vertex: Hello World at x 2009
Vertex: Hello World at x 2010
Vertex: Hello World at x 2011
Vertex: Hello World at x 2012
Vertex: Hello World at x 2013
Vertex: Hello World at x 2014
Vertex: Hello World at x 2015
Vertex: Hello World at x 2016
Vertex: Hello World at x 2017
Vertex: Hello World at x 2018
Vertex: Hello World at x 2019
Vertex: Hello World at x 2020
Vertex: Hello World at x 2021
Vertex: Hello World at x 2022
Vertex: Hello World at x 2023
Vertex: Hello World at x 2024
Vertex: Hello World at x 2025
Vertex: Hello World at x 2026
Vertex: Hello World at x 2027
Vertex: Hello World at x 2028
Vertex: Hello World at x 2029
Vertex: Hello World at x 2030
Vertex: Hello World at x 2031
Vertex: Hello World at x 2032
Vertex: Hello World at x 2033
Vertex: Hello World at x 2034
Vertex: Hello World at x 2035
Vertex: Hello World at x 2036
Vertex: Hello World at x 2037
Vertex: Hello World at x 2038
Vertex: Hello World at x 2039
Vertex: Hello World at x 2040
Vertex: Hello World at x 2041
Vertex: Hello World at x 2042
Vertex: Hello World at x 2043
Vertex: Hello World at x 2044
Vertex: Hello World at x 2045
Vertex: Hello World at x 2046
Vertex: Hello World at x 2047
Vertex: Hello World at x 2048
Vertex: Hello World at x 2049
Vertex: Hello World at x 2050
Vertex: Hello World at x 2051
Vertex: Hello World at x 2052
Vertex: Hello World at x 2053
Vertex: Hello World at x 2054
Vertex: Hello World at x 2055
Vertex: Hello World at x 2056
Vertex: Hello World at x 2057
Vertex: Hello World at x 2058
Vertex: Hello World at x 2059
Vertex: Hello World at x 2060
Vertex: Hello World at x 2061
Vertex: Hello World at x 2062
Vertex: Hello World at x 2063
Vertex: Hello World at x 2064
Vertex: Hello World at x 2065
Vertex: Hello World at x 2066
Vertex: Hello World at x 2067
Vertex: Hello World at x 2068
Vertex: Hello World at x 2069
Vertex: Hello World at x 2070
Vertex: Hello World at x 2071
Vertex: Hello World at x 2072
Vertex: Hello World at x 2073
Vertex: Hello World at x 2074
Vertex: Hello World at x 2075
Vertex: Hello World at x 2076
Vertex: Hello World at x 2077
Vertex: Hello World at x 2078
Vertex: Hello World at x 2079
Vertex: Hello World at x 2080
Vertex: Hello World at x 2081
Vertex: Hello World at x 2082
Vertex: Hello World at x 2083
Vertex: Hello World at x 2084
Vertex: Hello World at x 2085
Vertex: Hello World at x 2086
Vertex: Hello World at x 2087
Vertex: Hello World at x 2088
Vertex: Hello World at x 2089
Vertex: Hello World at x 2090
Vertex: Hello World at x 2091
Vertex: Hello World at x 2092
Vertex: Hello World at x 2093
Vertex: Hello World at x 2094
Vertex: Hello World at x 2095
Vertex: Hello World at x 2096
Vertex: Hello World at x 2097
Vertex: Hello World at x 2098
Vertex: Hello World at x 2099
Vertex: Hello World at x 2100
Vertex: Hello World at x 2101
Vertex: Hello World at x 2102
Vertex: Hello World at x 2103
Vertex: Hello World at x 2104
Vertex: Hello World at x 2105
Vertex: Hello World at x 2106
Vertex: Hello World at x 2107
Vertex: Hello World at x 2108
Vertex: Hello World at x 2109
Vertex: Hello World at x 2110
Vertex: Hello World at x 2111
Vertex: Hello World at x 2112
Vertex: Hello World at x 2113
Vertex: Hello World at x 2114
Vertex: Hello World at x 2115
Vertex: Hello World at x 2116
Vertex: Hello World at x 2117
Vertex: Hello World at x 2118
Vertex: Hello World at x 2119
Vertex: Hello World at x 2120
Vertex: Hello World at x 2121
Vertex: Hello World at x 2122
Vertex: Hello World at x 2123
Vertex: Hello World at x 2124
Vertex: Hello World at x 2125
Vertex: Hello World at x 2126
Vertex: Hello World at x 2127
Vertex: Hello World at x 2128
Vertex: Hello World at x 2129
Vertex: Hello World at x 2130
Vertex: Hello World at x 2131
Vertex: Hello World at x 2132
Vertex: Hello World at x 2133
Vertex: Hello World at x 2134
Vertex: Hello World at x 2135
Vertex: Hello World at x 2136
Vertex: Hello World at x 2137
Vertex: Hello World at x 2138
Vertex: Hello World at x 2139
Vertex: Hello World at x 2140
Vertex: Hello World at x 2141
Vertex: Hello World at x 2142
Vertex: Hello World at x 2143
Vertex: Hello World at x 2144
Vertex: Hello World at x 2145
Vertex: Hello World at x 2146
Vertex: Hello World at x 2147
Vertex: Hello World at x 2148
Vertex: Hello World at x 2149
Vertex: Hello World at x 2150
Vertex: Hello World at x 2151
Vertex: Hello World at x 2152
Vertex: Hello World at x 2153
Vertex: Hello World at x 2154
Vertex: Hello World at x 2155
Vertex: Hello World at x 2156
Vertex: Hello World at x 2157
Vertex: Hello World at x 2158
Vertex: Hello World at x 2159
Vertex: Hello World at x 2160
Vertex: Hello World at x 2161
Vertex: Hello World at x 2162
Vertex: Hello World at x 2163
Vertex: Hello World at x 2164
Vertex: Hello World at x 2165
Vertex: Hello World at x 2166
Vertex: Hello World at x 2167
Vertex: Hello World at x 2168
Vertex: Hello World at x 2169
Vertex: Hello World at x 2170
Vertex: Hello World at x 2171
Vertex: Hello World at x 2172
Vertex: Hello World at x 2173
Vertex: Hello World at x 2174
Vertex: Hello World at x 2175
Vertex: Hello World at x 2176
Vertex: Hello World at x 2177
Vertex: Hello World at x 2178
Vertex: Hello World at x 2179
Vertex: Hello World at x 2180
Vertex: Hello World at x 2181
Vertex: Hello World at x 2182
Vertex: Hello World at x 2183
Vertex: Hello World at x 2184
Vertex: Hello World at x 2185
Vertex: Hello World at x 2186
Vertex: Hello World at x 2187
Vertex: Hello World at x 2188
Vertex: Hello World at x 2189
Vertex: Hello World at x 2190
Vertex: Hello World at x 2191
Vertex: Hello World at x 2192
Vertex: Hello World at x 2193
Vertex: Hello World at x 2194
Vertex: Hello World at x 2195
Vertex: Hello World at x 2196
Vertex: Hello World at x 2197
Vertex: Hello World at x 2198
Vertex: Hello World at x 2199
Vertex: Hello World at x 2200
Vertex: Hello World at x 2201
Vertex: Hello World at x 2202
Vertex: Hello World at x 2203
Vertex: Hello World at x 2204
Vertex: Hello World at x 2205
Vertex: Hello World at x 2206
Vertex: Hello World at x 2207
Vertex: Hello World at x 2208
Vertex: Hello World at x 2209
Vertex: Hello World at x 2210
Vertex: Hello World at x 2211
Vertex: Hello World at x 2212
Vertex: Hello World at x 2213
Vertex: Hello World at x 2214
Vertex: Hello World at x 2215
Vertex: Hello World at x 2216
Vertex: Hello World at x 2217
Vertex: Hello World at x 2218
Vertex: Hello World at x 2219
Vertex: Hello World at x 2220
Vertex: Hello World at x 2221
Vertex: Hello World at x 2222
Vertex: Hello World at x 2223
Vertex: Hello World at x 2224
Vertex: Hello World at x 2225
Vertex: Hello World at x 2226
Vertex: Hello World at x 2227
Vertex: Hello World at x 2228
Vertex: Hello World at x 2229
Vertex: Hello World at x 2230
Vertex: Hello World at x 2231
Vertex: Hello World at x 2232
Vertex: Hello World at x 2233
Vertex: Hello World at x 2234
Vertex: Hello World at x 2235
Vertex: Hello World at x 2236
Vertex: Hello World at x 2237
Vertex: Hello World at x 2238
Vertex: Hello World at x 2239
Vertex: Hello World at x 2240
Vertex: Hello World at x 2241
Vertex: Hello World at x 2242
Vertex: Hello World at x 2243
Vertex: Hello World at x 2244
Vertex: Hello World at x 2245
Vertex: Hello World at x 2246
Vertex: Hello World at x 2247
Vertex: Hello World at x 2248
Vertex: Hello World at x 2249
Vertex: Hello World at x 2250
Vertex: Hello World at x 2251
Vertex: Hello World at x 2252
Vertex: Hello World at x 2253
Vertex: Hello World at x 2254
Vertex: Hello World at x 2255
Vertex: Hello World at x 2256
Vertex: Hello World at x 2257
Vertex: Hello World at x 2258
Vertex: Hello World at x 2259
Vertex: Hello World at x 2260
Vertex: Hello World at x 2261
Vertex: Hello World at x 2262
Vertex: Hello World at x 2263
Vertex: Hello World at x 2264
Vertex: Hello World at x 2265
Vertex: Hello World at x 2266
Vertex: Hello World at x 2267
Vertex: Hello World at x 2268
Vertex: Hello World at x 2269
Vertex: Hello World at x 2270
Vertex: Hello World at x 2271
Vertex: Hello World at x 2272
Vertex: Hello World at x 2273
Vertex: Hello World at x 2274
Vertex: Hello World at x 2275
Vertex: Hello World at x 2276
Vertex: Hello World at x 2277
